[0.104s] Invoking command in '/home/umarv/ws/src/nav_stack/occupub/build/occupub': /usr/bin/cmake /home/umarv/ws/src/nav_stack/occupub -DCMAKE_INSTALL_PREFIX=/home/umarv/ws/src/nav_stack/occupub/install/occupub
[0.165s] -- Found ament_cmake: 1.3.5 (/opt/ros/humble/share/ament_cmake/cmake)
[0.623s] -- Found ament_lint_auto: 0.12.8 (/opt/ros/humble/share/ament_lint_auto/cmake)
[0.781s] Error parsing '/home/umarv/ws/src/nav_stack/occupub/package.xml':
[0.781s] Traceback (most recent call last):
[0.781s]   File "/usr/lib/python3/dist-packages/catkin_pkg/package.py", line 610, in parse_package_string
[0.782s]     root = dom.parseString(data)
[0.782s]   File "/usr/lib/python3.10/xml/dom/minidom.py", line 2000, in parseString
[0.782s]     return expatbuilder.parseString(string)
[0.782s]   File "/usr/lib/python3.10/xml/dom/expatbuilder.py", line 925, in parseString
[0.783s]     return builder.parseString(string)
[0.783s]   File "/usr/lib/python3.10/xml/dom/expatbuilder.py", line 223, in parseString
[0.783s]     parser.Parse(string, True)
[0.784s] xml.parsers.expat.ExpatError: XML or text declaration not at start of entity: line 20, column 0
[0.784s] 
[0.784s] During handling of the above exception, another exception occurred:
[0.784s] 
[0.785s] Traceback (most recent call last):
[0.785s]   File "/opt/ros/humble/share/ament_cmake_core/cmake/core/package_xml_2_cmake.py", line 150, in <module>
[0.785s]     main()
[0.785s]   File "/opt/ros/humble/share/ament_cmake_core/cmake/core/package_xml_2_cmake.py", line 53, in main
[0.785s]     raise e
[0.785s]   File "/opt/ros/humble/share/ament_cmake_core/cmake/core/package_xml_2_cmake.py", line 49, in main
[0.785s]     package = parse_package_string(
[0.785s]   File "/usr/lib/python3/dist-packages/catkin_pkg/package.py", line 612, in parse_package_string
[0.786s]     raise InvalidPackage('The manifest contains invalid XML:\n%s' % ex, filename)
[0.786s] catkin_pkg.package.InvalidPackage: Error(s) in package '/home/umarv/ws/src/nav_stack/occupub/package.xml':
[0.786s] The manifest contains invalid XML:
[0.786s] XML or text declaration not at start of entity: line 20, column 0
[0.833s] [31mCMake Error at /opt/ros/humble/share/ament_cmake_core/cmake/core/ament_package_xml.cmake:95 (message):
[0.834s]   execute_process(/usr/bin/python3.10
[0.834s]   /opt/ros/humble/share/ament_cmake_core/cmake/core/package_xml_2_cmake.py
[0.834s]   /home/umarv/ws/src/nav_stack/occupub/package.xml
[0.834s]   /home/umarv/ws/src/nav_stack/occupub/build/occupub/ament_cmake_core/package.cmake)
[0.834s]   returned error code 1
[0.834s] Call Stack (most recent call first):
[0.834s]   /opt/ros/humble/share/ament_cmake_core/cmake/core/ament_package_xml.cmake:49 (_ament_package_xml)
[0.834s]   /opt/ros/humble/share/ament_lint_auto/cmake/ament_lint_auto_find_test_dependencies.cmake:31 (ament_package_xml)
[0.834s]   CMakeLists.txt:23 (ament_lint_auto_find_test_dependencies)
[0.834s] 
[0.834s] [0m
[0.835s] -- Configuring incomplete, errors occurred!
[0.835s] See also "/home/umarv/ws/src/nav_stack/occupub/build/occupub/CMakeFiles/CMakeOutput.log".
[0.841s] Invoked command in '/home/umarv/ws/src/nav_stack/occupub/build/occupub' returned '1': /usr/bin/cmake /home/umarv/ws/src/nav_stack/occupub -DCMAKE_INSTALL_PREFIX=/home/umarv/ws/src/nav_stack/occupub/install/occupub
