[0.000000] (-) TimerEvent: {}
[0.001937] (occupub) JobQueued: {'identifier': 'occupub', 'dependencies': OrderedDict()}
[0.002298] (occupub) JobStarted: {'identifier': 'occupub'}
[0.098791] (occupub) JobProgress: {'identifier': 'occupub', 'progress': 'cmake'}
[0.099352] (-) TimerEvent: {}
[0.100632] (occupub) Command: {'cmd': ['/usr/bin/cmake', '/home/umarv/ws/src/nav_stack/occupub', '-DCMAKE_INSTALL_PREFIX=/home/umarv/ws/src/nav_stack/occupub/install/occupub'], 'cwd': '/home/umarv/ws/src/nav_stack/occupub/build/occupub', 'env': OrderedDict([('HOSTNAME', 'umarv-ros2'), ('GIT_ASKPASS', '/home/umarv/.vscode-server/bin/019f4d1419fbc8219a181fab7892ebccf7ee29a2/extensions/git/dist/askpass.sh'), ('SHLVL', '1'), ('LD_LIBRARY_PATH', '/usr/lib/x86_64-linux-gnu/gazebo-11/plugins:/opt/ros/humble/opt/rviz_ogre_vendor/lib:/opt/ros/humble/lib/x86_64-linux-gnu:/opt/ros/humble/lib:/usr/lib/wsl/lib'), ('BROWSER', '/home/umarv/.vscode-server/bin/019f4d1419fbc8219a181fab7892ebccf7ee29a2/bin/helpers/browser.sh'), ('HOME', '/home/umarv'), ('OLDPWD', '/home/umarv/ws/src/nav_stack'), ('TERM_PROGRAM_VERSION', '1.87.0'), ('VSCODE_IPC_HOOK_CLI', '/mnt/wslg/runtime-dir/vscode-ipc-15b5fafd-b953-45ad-8fa9-5df5756bbb78.sock'), ('ROS_PYTHON_VERSION', '3'), ('VSCODE_GIT_ASKPASS_MAIN', '/home/umarv/.vscode-server/bin/019f4d1419fbc8219a181fab7892ebccf7ee29a2/extensions/git/dist/askpass-main.js'), ('VSCODE_GIT_ASKPASS_NODE', '/home/umarv/.vscode-server/bin/019f4d1419fbc8219a181fab7892ebccf7ee29a2/node'), ('COLORTERM', 'truecolor'), ('REMOTE_CONTAINERS', 'true'), ('_colcon_cd_root', '/opt/ros/humble/'), ('WAYLAND_DISPLAY', 'wayland-0'), ('ROS_DISTRO', 'humble'), ('REMOTE_CONTAINERS_IPC', '/tmp/vscode-remote-containers-ipc-74a9c0ba-6ab1-4991-9f69-b260951fda27.sock'), ('PULSE_SERVER', 'unix:/mnt/wslg/PulseServer'), ('_', '/usr/bin/colcon'), ('ROS_VERSION', '2'), ('TERM', 'xterm-256color'), ('ROS_LOCALHOST_ONLY', '0'), ('PATH', '/opt/ros/humble/bin:/home/umarv/.vscode-server/bin/019f4d1419fbc8219a181fab7892ebccf7ee29a2/bin/remote-cli:/usr/local/sbin:/usr/local/bin:/usr/sbin:/usr/bin:/sbin:/bin'), ('XDG_RUNTIME_DIR', '/mnt/wslg/runtime-dir'), ('REMOTE_CONTAINERS_SOCKETS', '["/tmp/.X11-unix/X1","/home/umarv/.gnupg/S.gpg-agent"]'), ('DISPLAY', ':0'), ('LANG', 'C.UTF-8'), ('LIBVA_DRIVER_NAME', 'd3d12'), ('LS_COLORS', 'rs=0:di=01;34:ln=01;36:mh=00:pi=40;33:so=01;35:do=01;35:bd=40;33;01:cd=40;33;01:or=40;31;01:mi=00:su=37;41:sg=30;43:ca=30;41:tw=30;42:ow=34;42:st=37;44:ex=01;32:*.tar=01;31:*.tgz=01;31:*.arc=01;31:*.arj=01;31:*.taz=01;31:*.lha=01;31:*.lz4=01;31:*.lzh=01;31:*.lzma=01;31:*.tlz=01;31:*.txz=01;31:*.tzo=01;31:*.t7z=01;31:*.zip=01;31:*.z=01;31:*.dz=01;31:*.gz=01;31:*.lrz=01;31:*.lz=01;31:*.lzo=01;31:*.xz=01;31:*.zst=01;31:*.tzst=01;31:*.bz2=01;31:*.bz=01;31:*.tbz=01;31:*.tbz2=01;31:*.tz=01;31:*.deb=01;31:*.rpm=01;31:*.jar=01;31:*.war=01;31:*.ear=01;31:*.sar=01;31:*.rar=01;31:*.alz=01;31:*.ace=01;31:*.zoo=01;31:*.cpio=01;31:*.7z=01;31:*.rz=01;31:*.cab=01;31:*.wim=01;31:*.swm=01;31:*.dwm=01;31:*.esd=01;31:*.jpg=01;35:*.jpeg=01;35:*.mjpg=01;35:*.mjpeg=01;35:*.gif=01;35:*.bmp=01;35:*.pbm=01;35:*.pgm=01;35:*.ppm=01;35:*.tga=01;35:*.xbm=01;35:*.xpm=01;35:*.tif=01;35:*.tiff=01;35:*.png=01;35:*.svg=01;35:*.svgz=01;35:*.mng=01;35:*.pcx=01;35:*.mov=01;35:*.mpg=01;35:*.mpeg=01;35:*.m2v=01;35:*.mkv=01;35:*.webm=01;35:*.webp=01;35:*.ogm=01;35:*.mp4=01;35:*.m4v=01;35:*.mp4v=01;35:*.vob=01;35:*.qt=01;35:*.nuv=01;35:*.wmv=01;35:*.asf=01;35:*.rm=01;35:*.rmvb=01;35:*.flc=01;35:*.avi=01;35:*.fli=01;35:*.flv=01;35:*.gl=01;35:*.dl=01;35:*.xcf=01;35:*.xwd=01;35:*.yuv=01;35:*.cgm=01;35:*.emf=01;35:*.ogv=01;35:*.ogx=01;35:*.aac=00;36:*.au=00;36:*.flac=00;36:*.m4a=00;36:*.mid=00;36:*.midi=00;36:*.mka=00;36:*.mp3=00;36:*.mpc=00;36:*.ogg=00;36:*.ra=00;36:*.wav=00;36:*.oga=00;36:*.opus=00;36:*.spx=00;36:*.xspf=00;36:'), ('VSCODE_GIT_IPC_HANDLE', '/mnt/wslg/runtime-dir/vscode-git-4dcd6d337b.sock'), ('TERM_PROGRAM', 'vscode'), ('AMENT_PREFIX_PATH', '/opt/ros/humble'), ('REMOTE_CONTAINERS_DISPLAY_SOCK', '/tmp/.X11-unix/X1'), ('SHELL', '/bin/sh'), ('VSCODE_GIT_ASKPASS_EXTRA_ARGS', ''), ('PWD', '/home/umarv/ws/src/nav_stack/occupub/build/occupub'), ('LC_ALL', 'C.UTF-8'), ('PYTHONPATH', '/opt/ros/humble/lib/python3.10/site-packages:/opt/ros/humble/local/lib/python3.10/dist-packages'), ('COLCON', '1')]), 'shell': False}
[0.138973] (occupub) StdoutLine: {'line': b'-- Found ament_cmake: 1.3.5 (/opt/ros/humble/share/ament_cmake/cmake)\n'}
[0.199620] (-) TimerEvent: {}
[0.300374] (-) TimerEvent: {}
[0.401147] (-) TimerEvent: {}
[0.427412] (occupub) StdoutLine: {'line': b'-- Found ament_lint_auto: 0.12.8 (/opt/ros/humble/share/ament_lint_auto/cmake)\n'}
[0.501401] (-) TimerEvent: {}
[0.502594] (occupub) StderrLine: {'line': b"Error parsing '/home/umarv/ws/src/nav_stack/occupub/package.xml':\n"}
[0.502911] (occupub) StderrLine: {'line': b'Traceback (most recent call last):\n'}
[0.502991] (occupub) StderrLine: {'line': b'  File "/usr/lib/python3/dist-packages/catkin_pkg/package.py", line 610, in parse_package_string\n'}
[0.504127] (occupub) StderrLine: {'line': b'    root = dom.parseString(data)\n'}
[0.504429] (occupub) StderrLine: {'line': b'  File "/usr/lib/python3.10/xml/dom/minidom.py", line 2000, in parseString\n'}
[0.505567] (occupub) StderrLine: {'line': b'    return expatbuilder.parseString(string)\n'}
[0.505872] (occupub) StderrLine: {'line': b'  File "/usr/lib/python3.10/xml/dom/expatbuilder.py", line 925, in parseString\n'}
[0.506710] (occupub) StderrLine: {'line': b'    return builder.parseString(string)\n'}
[0.507433] (occupub) StderrLine: {'line': b'  File "/usr/lib/python3.10/xml/dom/expatbuilder.py", line 223, in parseString\n'}
[0.507719] (occupub) StderrLine: {'line': b'    parser.Parse(string, True)\n'}
[0.507819] (occupub) StderrLine: {'line': b'xml.parsers.expat.ExpatError: XML or text declaration not at start of entity: line 20, column 0\n'}
[0.507907] (occupub) StderrLine: {'line': b'\n'}
[0.508165] (occupub) StderrLine: {'line': b'During handling of the above exception, another exception occurred:\n'}
[0.508304] (occupub) StderrLine: {'line': b'\n'}
[0.508403] (occupub) StderrLine: {'line': b'Traceback (most recent call last):\n'}
[0.508489] (occupub) StderrLine: {'line': b'  File "/opt/ros/humble/share/ament_cmake_core/cmake/core/package_xml_2_cmake.py", line 150, in <module>\n'}
[0.508575] (occupub) StderrLine: {'line': b'    main()\n'}
[0.508656] (occupub) StderrLine: {'line': b'  File "/opt/ros/humble/share/ament_cmake_core/cmake/core/package_xml_2_cmake.py", line 53, in main\n'}
[0.508741] (occupub) StderrLine: {'line': b'    raise e\n'}
[0.508822] (occupub) StderrLine: {'line': b'  File "/opt/ros/humble/share/ament_cmake_core/cmake/core/package_xml_2_cmake.py", line 49, in main\n'}
[0.508903] (occupub) StderrLine: {'line': b'    package = parse_package_string(\n'}
[0.508984] (occupub) StderrLine: {'line': b'  File "/usr/lib/python3/dist-packages/catkin_pkg/package.py", line 612, in parse_package_string\n'}
[0.509066] (occupub) StderrLine: {'line': b"    raise InvalidPackage('The manifest contains invalid XML:\\n%s' % ex, filename)\n"}
[0.509152] (occupub) StderrLine: {'line': b"catkin_pkg.package.InvalidPackage: Error(s) in package '/home/umarv/ws/src/nav_stack/occupub/package.xml':\n"}
[0.509237] (occupub) StderrLine: {'line': b'The manifest contains invalid XML:\n'}
[0.509317] (occupub) StderrLine: {'line': b'XML or text declaration not at start of entity: line 20, column 0\n'}
[0.525324] (occupub) StderrLine: {'line': b'\x1b[31mCMake Error at /opt/ros/humble/share/ament_cmake_core/cmake/core/ament_package_xml.cmake:95 (message):\n'}
[0.525810] (occupub) StderrLine: {'line': b'  execute_process(/usr/bin/python3.10\n'}
[0.525928] (occupub) StderrLine: {'line': b'  /opt/ros/humble/share/ament_cmake_core/cmake/core/package_xml_2_cmake.py\n'}
[0.526030] (occupub) StderrLine: {'line': b'  /home/umarv/ws/src/nav_stack/occupub/package.xml\n'}
[0.526168] (occupub) StderrLine: {'line': b'  /home/umarv/ws/src/nav_stack/occupub/build/occupub/ament_cmake_core/package.cmake)\n'}
[0.526292] (occupub) StderrLine: {'line': b'  returned error code 1\n'}
[0.526444] (occupub) StderrLine: {'line': b'Call Stack (most recent call first):\n'}
[0.526696] (occupub) StderrLine: {'line': b'  /opt/ros/humble/share/ament_cmake_core/cmake/core/ament_package_xml.cmake:49 (_ament_package_xml)\n'}
[0.526788] (occupub) StderrLine: {'line': b'  /opt/ros/humble/share/ament_lint_auto/cmake/ament_lint_auto_find_test_dependencies.cmake:31 (ament_package_xml)\n'}
[0.526874] (occupub) StderrLine: {'line': b'  CMakeLists.txt:23 (ament_lint_auto_find_test_dependencies)\n'}
[0.526956] (occupub) StderrLine: {'line': b'\n'}
[0.527041] (occupub) StderrLine: {'line': b'\x1b[0m\n'}
[0.527122] (occupub) StdoutLine: {'line': b'-- Configuring incomplete, errors occurred!\n'}
[0.527224] (occupub) StdoutLine: {'line': b'See also "/home/umarv/ws/src/nav_stack/occupub/build/occupub/CMakeFiles/CMakeOutput.log".\n'}
[0.532610] (occupub) CommandEnded: {'returncode': 1}
[0.535051] (occupub) JobEnded: {'identifier': 'occupub', 'rc': 1}
[0.546848] (-) EventReactorShutdown: {}
